ets Jul 29 201ï¿½ets Jul 29 2019 12:21:46

rst:0x1 (POWERON_RESET),boot:0x13 (SPI_FAST_FLASH_BOOT)
configsip: 0, SPIWP:0xee
clk_drv:0x00,q_drv:0x00,d_drv:0x00,cs0_drv:0x00,hd_drv:0x00,wp_drv:0x00
mode:DIO, clock div:2
load:0x3fff0030,len:7084
ho 0 tail 12 room 4
load:0x40078000,len:15584
load:0x40080400,len:4
load:0x40080404,len:3876
entry 0x4008064c
[0;32mI (31) boot: ESP-IDF v5.1.1-dirty 2nd stage bootloader[0m
[0;32mI (31) boot: compile time Mar 20 2024 14:57:02[0m
[0;32mI (31) boot: Multicore bootloader[0m
[0;32mI (36) boot: chip revision: v3.1[0m
[0;32mI (40) boot.esp32: SPI Speed      : 40MHz[0m
[0;32mI (44) boot.esp32: SPI Mode       : DIO[0m
[0;32mI (49) boot.esp32: SPI Flash Size : 2MB[0m
[0;32mI (53) boot: Enabling RNG early entropy source...[0m
[0;32mI (59) boot: Partition Table:[0m
[0;32mI (62) boot: ## Label            Usage          Type ST Offset   Length[0m
[0;32mI (70) boot:  0 nvs              WiFi data        01 02 00009000 00006000[0m
[0;32mI (77) boot:  1 phy_init         RF data          01 01 0000f000 00001000[0m
[0;32mI (85) boot:  2 factory          factory app      00 00 00010000 00100000[0m
[0;32mI (92) boot: End of partition table[0m
[0;32mI (96) esp_image: segment 0: paddr=00010020 vaddr=3f400020 size=2d88ch (186508) map[0m
[0;32mI (172) esp_image: segment 1: paddr=0003d8b4 vaddr=3ffbdb60 size=02764h ( 10084) load[0m
[0;32mI (176) esp_image: segment 2: paddr=00040020 vaddr=400d0020 size=94c94h (609428) map[0m
[0;32mI (398) esp_image: segment 3: paddr=000d4cbc vaddr=3ffc02c4 size=01e7ch (  7804) load[0m
[0;32mI (401) esp_image: segment 4: paddr=000d6b40 vaddr=40080000 size=192fch (103164) load[0m
[0;32mI (459) boot: Loaded app from partition at offset 0x10000[0m
[0;32mI (459) boot: Disabling RNG early entropy source...[0m
[0;32mI (471) cpu_start: Multicore app[0m
[0;32mI (471) cpu_start: Pro cpu up.[0m
[0;32mI (471) cpu_start: Starting app cpu, entry point is 0x40081490[0m
[0;32mI (0) cpu_start: App cpu up.[0m
[0;32mI (489) cpu_start: Pro cpu start user code[0m
[0;32mI (489) cpu_start: cpu freq: 160000000 Hz[0m
[0;32mI (489) cpu_start: Application information:[0m
[0;32mI (494) cpu_start: Project name:     bt_spp_acceptor_demo[0m
[0;32mI (500) cpu_start: App version:      1[0m
[0;32mI (504) cpu_start: Compile time:     Mar 20 2024 14:56:39[0m
[0;32mI (510) cpu_start: ELF file SHA256:  f06462fee0ce4708...[0m
[0;32mI (516) cpu_start: ESP-IDF:          v5.1.1-dirty[0m
[0;32mI (522) cpu_start: Min chip rev:     v0.0[0m
[0;32mI (526) cpu_start: Max chip rev:     v3.99 [0m
[0;32mI (531) cpu_start: Chip rev:         v3.1[0m
[0;32mI (536) heap_init: Initializing. RAM available for dynamic allocation:[0m
[0;32mI (543) heap_init: At 3FFAFF10 len 000000F0 (0 KiB): DRAM[0m
[0;32mI (549) heap_init: At 3FFB6388 len 00001C78 (7 KiB): DRAM[0m
[0;32mI (555) heap_init: At 3FFB9A20 len 00004108 (16 KiB): DRAM[0m
[0;32mI (562) heap_init: At 3FFC9530 len 00016AD0 (90 KiB): DRAM[0m
[0;32mI (568) heap_init: At 3FFE0440 len 00003AE0 (14 KiB): D/IRAM[0m
[0;32mI (574) heap_init: At 3FFE4350 len 0001BCB0 (111 KiB): D/IRAM[0m
[0;32mI (580) heap_init: At 400992FC len 00006D04 (27 KiB): IRAM[0m
[0;32mI (588) spi_flash: detected chip: generic[0m
[0;32mI (591) spi_flash: flash io: dio[0m
[0;33mW (595) spi_flash: Detected size(4096k) larger than the size in the binary image header(2048k). Using the size in the binary image header.[0m
[0;32mI (612) coexist: coex firmware version: 80b0d89[0m
[0;32mI (614) app_start: Starting scheduler on CPU0[0m
[0;32[0;32mI (619) app_start: Starting scheduler on CPU1[0m
mI (619) main_task: Started on CPU0[0m
[0;32mI (629) main_task: Calling app_main()[0m
[0;32mI (629) gpio: GPIO[18]| InputEn: 0| OutputEn: 0| OpenDrain: 0| Pullup: 1| Pulldown: 0| Intr:0 [0m
[0;32mI (639) gpio: GPIO[5]| InputEn: 0| OutputEn: 0| OpenDrain: 0| Pullup: 1| Pulldown: 0| Intr:0 [0m
[0;32mI (649) Bluetooth: Init led completed[0m
[0;32mI (659) BTDM_INIT: BT controller compile version [946b762][0m
[0;32mI (669) BTDM_INIT: Bluetooth MAC: a0:a3:b3:97:65:92[0m
[0;32mI (669) phy_init: phy_version 4670,719f9f6,Feb 18 2021,17:07:07[0m
[0;32mI (1329) SPP_ACCEPTOR_DEMO: ESP_SPP_INIT_EVT[0m
[0;32mI (1329) SPP_ACCEPTOR_DEMO: ESP_SPP_START_EVT handle:129 sec_id:55 scn:1[0m
[0;32mI (1329) SPP_ACCEPTOR_DEMO: event: 10[0m
[0;32mI (1839) SPP_ACCEPTOR_DEMO: Own address:[a0:a3:b3:97:65:92][0m
[0;32mI (1839) main_task: Returned from app_main()[0m
ï¿½ï¿½ï¿½ï¿½ï¿½ï¿½ï¿½ï¿½ï¿½ï¿½ï¿½ï¿½ï¿½ï¿½ï¿½ï¿½ï¿½ï¿½ï¿½ï¿½ï¿½ï¿½ï¿½ï¿½ï¿½ï¿½ï¿½ï¿½ï¿½ï¿½ï¿½ï¿½ï¿½ï¿½ï¿½ï¿½ï¿½ï¿½ï¿½ï¿½ï¿½ï¿½ï¿½ï¿½ï¿½ï¿½ï¿½ï¿½ï¿½ï¿½ï¿½ï¿½ï¿½ï¿½ï¿½ï¿½ï¿½ï¿½ï¿½ï¿½ï¿½ï¿½ï¿½ï¿½onn complete: hdl 0x80, st 0x0[0m
[0;33mW (180389) BT_HCI: hcif link supv_to changed: hdl 0x80, supv_to 8000[0m
[0;32mI (180389) SPP_ACCEPTOR_DEMO: event: 16[0m
[0;33mW (180589) BT_APPL: new conn_srvc id:26, app_id:255[0m
[0;33mW (180589) BT_APPL: bta_dm_pm_ssr conn_srvc id:26, app_id:255[0m
[0;33mW (180589) BT_APPL: bta_dm_pm_ssr:2, lat:1200[0m
[0;32mI (180599) SPP_ACCEPTOR_DEMO: ESP_SPP_SRV_OPEN_EVT status:0 handle:129, rem_bda:[bc:1d:89:c7:04:e1][0m
[0;33mW (187799) BT_HCI: hci cmd send: sniff: hdl 0x80, intv(400 800)[0m
[0;33mW (187809) BT_HCI: hcif mode change: hdl 0x80, mode 2, intv 800, status 0x0[0m
[0;32mI (187809) SPP_ACCEPTOR_DEMO: ESP_BT_GAP_MODE_CHG_EVT mode:2 bda:[bc:1d:89:c7:04:e1][0m
[0;33mW (189309) BT_HCI: hcif ssr evt: st 0x0, hdl 0x80, tx_lat 800 rx_lat 800[0m
[0;33mW (211309) BT_HCI: hcif mode change: hdl 0x80, mode 0, intv 0, status 0x0[0m
[0;32mI (211309) SPP_ACCEPTOR_DEMO: ESP_BT_GAP_MODE_CHG_EVT mode:0 bda:[bc:1d:89:c7:04:e1][0m
[0;32mI (211329) SPP_ACCEPTOR_DEMO: ESP_SPP_DATA_IND_EVT len:3 handle:129[0m
[0;32mI (211329) : 31 0d 0a [0m
Value recieved: 1
[0;32mI (211329) SPP_ACCEPTOR_DEMO: ESP_SPP_WRITE_EVT len:3 handle:129 cong:0[0m
[0;32mI (211329) : 00 00 00 [0m
[0;31mE (211349) BT_BTC: btc_spp_arg_deep_copy 7 osi_malloc failed
[0m

assert failed: fixed_queue_enqueue fixed_queue.c:135 (data != NULL)


Backtrace: 0x40081b3a:0x3ffcb9b0 0x40091b19:0x3ffcb9d0 0x400976c5:0x3ffcb9f0 0x400edf9f:0x3ffcbb10 0x400dac55:0x3ffcbb30 0x400db02c:0x3ffcbbf0 0x400ed80d:0x3ffcbc20 0x400eed5e:0x3ffcbc40 0x40094385:0x3ffcbc70




ELF file SHA256: f06462fee0ce4708

Rebooting...
ets Jul 29 2019 12:21:46

rst:0xc (SW_CPU_RESET),boot:0x13 (SPI_FAST_FLASH_BOOT)
configsip: 0, SPIWP:0xee
clk_drv:0x00,q_drv:0x00,d_drv:0x00,cs0_drv:0x00,hd_drv:0x00,wp_drv:0x00
mode:DIO, clock div:2
load:0x3fff0030,len:7084
ho 0 tail 12 room 4
load:0x40078000,len:15584
load:0x40080400,len:4
load:0x40080404,len:3876
entry 0x4008064c
[0;32mI (31) boot: ESP-IDF v5.1.1-dirty 2nd stage bootloader[0m
[0;32mI (31) boot: compile time Mar 20 2024 14:57:02[0m
[0;32mI (31) boot: Multicore bootloader[0m
[0;32mI (36) boot: chip revision: v3.1[0m
[0;32mI (40) boot.esp32: SPI Speed      : 40MHz[0m
[0;32mI (44) boot.esp32: SPI Mode       : DIO[0m
[0;32mI (49) boot.esp32: SPI Flash Size : 2MB[0m
[0;32mI (53) boot: Enabling RNG early entropy source...[0m
[0;32mI (59) boot: Partition Table:[0m
[0;32mI (62) boot: ## Label            Usage          Type ST Offset   Length[0m
[0;32mI (70) boot:  0 nvs              WiFi data        01 02 00009000 00006000[0m
[0;32mI (77) boot:  1 phy_init         RF data          01 01 0000f000 00001000[0m
[0;32mI (85) boot:  2 factory          factory app      00 00 00010000 00100000[0m
[0;32mI (92) boot: End of partition table[0m
[0;32mI (96) esp_image: segment 0: paddr=00010020 vaddr=3f400020 size=2d88ch (186508) map[0m
[0;32mI (172) esp_image: segment 1: paddr=0003d8b4 vaddr=3ffbdb60 size=02764h ( 10084) load[0m
[0;32mI (176) esp_image: segment 2: paddr=00040020 vaddr=400d0020 size=94c94h (609428) map[0m
[0;32mI (398) esp_image: segment 3: paddr=000d4cbc vaddr=3ffc02c4 size=01e7ch (  7804) load[0m
[0;32mI (401) esp_image: segment 4: paddr=000d6b40 vaddr=40080000 size=192fch (103164) load[0m
[0;32mI (459) boot: Loaded app from partition at offset 0x10000[0m
[0;32mI (459) boot: Disabling RNG early entropy source...[0m
[0;32mI (471) cpu_start: Multicore app[0m
[0;32mI (471) cpu_start: Pro cpu up.[0m
[0;32mI (471) cpu_start: Starting app cpu, entry point is 0x40081490[0m
[0;32mI (458) cpu_start: App cpu up.[0m
[0;32mI (489) cpu_start: Pro cpu start user code[0m
[0;32mI (489) cpu_start: cpu freq: 160000000 Hz[0m
[0;32mI (489) cpu_start: Application information:[0m
[0;32mI (494) cpu_start: Project name:     bt_spp_acceptor_demo[0m
[0;32mI (500) cpu_start: App version:      1[0m
[0;32mI (504) cpu_start: Compile time:     Mar 20 2024 14:56:39[0m
[0;32mI (510) cpu_start: ELF file SHA256:  f06462fee0ce4708...[0m
[0;32mI (516) cpu_start: ESP-IDF:          v5.1.1-dirty[0m
[0;32mI (522) cpu_start: Min chip rev:     v0.0[0m
[0;32mI (526) cpu_start: Max chip rev:     v3.99 [0m
[0;32mI (531) cpu_start: Chip rev:         v3.1[0m
[0;32mI (536) heap_init: Initializing. RAM available for dynamic allocation:[0m
[0;32mI (543) heap_init: At 3FFAFF10 len 000000F0 (0 KiB): DRAM[0m
[0;32mI (549) heap_init: At 3FFB6388 len 00001C78 (7 KiB): DRAM[0m
[0;32mI (555) heap_init: At 3FFB9A20 len 00004108 (16 KiB): DRAM[0m
[0;32mI (562) heap_init: At 3FFC9530 len 00016AD0 (90 KiB): DRAM[0m
[0;32mI (568) heap_init: At 3FFE0440 len 00003AE0 (14 KiB): D/IRAM[0m
[0;32mI (574) heap_init: At 3FFE4350 len 0001BCB0 (111 KiB): D/IRAM[0m
[0;32mI (581) heap_init: At 400992FC len 00006D04 (27 KiB): IRAM[0m
[0;32mI (588) spi_flash: detected chip: generic[0m
[0;32mI (591) spi_flash: flash io: dio[0m
[0;33mW (595) spi_flash: Detected size(4096k) larger than the size in the binary image header(2048k). Using the size in the binary image header.[0m
[0;32mI (612) coexist: coex firmware version: 80b0d89[0m
[0;32mI (614) app_start: Starting scheduler on CPU0[0m
[0;32[0;32mI (619) app_start: Starting scheduler on CPU1[0m
mI (619) main_task: Started on CPU0[0m
[0;32mI (629) main_task: Calling app_main()[0m
[0;32mI (629) gpio: GPIO[18]| InputEn: 0| OutputEn: 0| OpenDrain: 0| Pullup: 1| Pulldown: 0| Intr:0 [0m
[0;32mI (639) gpio: GPIO[5]| InputEn: 0| OutputEn: 0| OpenDrain: 0| Pullup: 1| Pulldown: 0| Intr:0 [0m
[0;32mI (649) Bluetooth: Init led completed[0m
[0;32mI (659) BTDM_INIT: BT controller compile version [946b762][0m
[0;32mI (669) BTDM_INIT: Bluetooth MAC: a0:a3:b3:97:65:92[0m
[0;32mI (669) phy_init: phy_version 4670,719f9f6,Feb 18 2021,17:07:07[0m
[0;32mI (1319) SPP_ACCEPTOR_DEMO: ESP_SPP_INIT_EVT[0m
[0;32mI (1329) SPP_ACCEPTOR_DEMO: ESP_SPP_START_EVT handle:129 sec_id:55 scn:1[0m
[0;32mI (1329) SPP_ACCEPTOR_DEMO: event: 10[0m
[0;32mI (1829) SPP_ACCEPTOR_DEMO: Own address:[a0:a3:b3:97:65:92][0m
[0;32mI (1829) main_task: Returned from app_main()[0m
[0;33mW (13649) BT_HCI: hcif conn complete: hdl 0x80, st 0x0[0m
[0;32mI (13659) SPP_ACCEPTOR_DEMO: event: 16[0m
[0;33mW (13659) BT_HCI: hcif link supv_to changed: hdl 0x80, supv_to 8000[0m
[0;33mW (13869) BT_APPL: new conn_srvc id:26, app_id:255[0m
[0;33mW (13869) BT_APPL: bta_dm_pm_ssr conn_srvc id:26, app_id:255[0m
[0;33mW (13869) BT_APPL: bta_dm_pm_ssr:2, lat:1200[0m
[0;32mI (13869) SPP_ACCEPTOR_DEMO: ESP_SPP_SRV_OPEN_EVT status:0 handle:129, rem_bda:[bc:1d:89:c7:04:e1][0m
[0;32mI (15889) SPP_ACCEPTOR_DEMO: ESP_SPP_DATA_IND_EVT len:3 handle:129[0m
[0;32mI (15889) : 30 0d 0a [0m
Value recieved: 0
[0;32mI (15899) SPP_ACCEPTOR_DEMO: ESP_SPP_WRITE_EVT len:3 handle:129 cong:0[0m
[0;32mI (15899) : 00 00 00 [0m
[0;31mE (15909) BT_BTC: btc_spp_arg_deep_copy 7 osi_malloc failed
[0m

assert failed: fixed_queue_enqueue fixed_queue.c:135 (data != NULL)


Backtrace: 0x40081b3a:0x3ffcb9b0 0x40091b19:0x3ffcb9d0 0x400976c5:0x3ffcb9f0 0x400edf9f:0x3ffcbb10 0x400dac55:0x3ffcbb30 0x400db02c:0x3ffcbbf0 0x400ed80d:0x3ffcbc20 0x400eed5e:0x3ffcbc40 0x40094385:0x3ffcbc70




ELF file SHA256: f06462fee0ce4708

Rebooting...
ets Jul 29 2019 12:21:46

rst:0xc (SW_CPU_RESET),boot:0x13 (SPI_FAST_FLASH_BOOT)
configsip: 0, SPIWP:0xee
clk_drv:0x00,q_drv:0x00,d_drv:0x00,cs0_drv:0x00,hd_drv:0x00,wp_drv:0x00
mode:DIO, clock div:2
load:0x3fff0030,len:7084
ho 0 tail 12 room 4
load:0x40078000,len:15584
load:0x40080400,len:4
load:0x40080404,len:3876
entry 0x4008064c
[0;32mI (31) boot: ESP-IDF v5.1.1-dirty 2nd stage bootloader[0m
[0;32mI (31) boot: compile time Mar 20 2024 14:57:02[0m
[0;32mI (31) boot: Multicore bootloader[0m
[0;32mI (36) boot: chip revision: v3.1[0m
[0;32mI (40) boot.esp32: SPI Speed      : 40MHz[0m
[0;32mI (44) boot.esp32: SPI Mode       : DIO[0m
[0;32mI (49) boot.esp32: SPI Flash Size : 2MB[0m
[0;32mI (53) boot: Enabling RNG early entropy source...[0m
[0;32mI (59) boot: Partition Table:[0m
[0;32mI (62) boot: ## Label            Usage          Type ST Offset   Length[0m
[0;32mI (70) boot:  0 nvs              WiFi data        01 02 00009000 00006000[0m
[0;32mI (77) boot:  1 phy_init         RF data          01 01 0000f000 00001000[0m
[0;32mI (85) boot:  2 factory          factory app      00 00 00010000 00100000[0m
[0;32mI (92) boot: End of partition table[0m
[0;32mI (96) esp_image: segment 0: paddr=00010020 vaddr=3f400020 size=2d88ch (186508) map[0m
[0;32mI (172) esp_image: segment 1: paddr=0003d8b4 vaddr=3ffbdb60 size=02764h ( 10084) load[0m
[0;32mI (176) esp_image: segment 2: paddr=00040020 vaddr=400d0020 size=94c94h (609428) map[0m
[0;32mI (398) esp_image: segment 3: paddr=000d4cbc vaddr=3ffc02c4 size=01e7ch (  7804) load[0m
[0;32mI (401) esp_image: segment 4: paddr=000d6b40 vaddr=40080000 size=192fch (103164) load[0m
[0;32mI (459) boot: Loaded app from partition at offset 0x10000[0m
[0;32mI (459) boot: Disabling RNG early entropy source...[0m
[0;32mI (471) cpu_start: Multicore app[0m
[0;32mI (471) cpu_start: Pro cpu up.[0m
[0;32mI (471) cpu_start: Starting app cpu, entry point is 0x40081490[0m
[0;32mI (458) cpu_start: App cpu up.[0m
[0;32mI (489) cpu_start: Pro cpu start user code[0m
[0;32mI (489) cpu_start: cpu freq: 160000000 Hz[0m
[0;32mI (489) cpu_start: Application information:[0m
[0;32mI (494) cpu_start: Project name:     bt_spp_acceptor_demo[0m
[0;32mI (500) cpu_start: App version:      1[0m
[0;32mI (504) cpu_start: Compile time:     Mar 20 2024 14:56:39[0m
[0;32mI (510) cpu_start: ELF file SHA256:  f06462fee0ce4708...[0m
[0;32mI (516) cpu_start: ESP-IDF:          v5.1.1-dirty[0m
[0;32mI (522) cpu_start: Min chip rev:     v0.0[0m
[0;32mI (526) cpu_start: Max chip rev:     v3.99 [0m
[0;32mI (531) cpu_start: Chip rev:         v3.1[0m
[0;32mI (536) heap_init: Initializing. RAM available for dynamic allocation:[0m
[0;32mI (543) heap_init: At 3FFAFF10 len 000000F0 (0 KiB): DRAM[0m
[0;32mI (549) heap_init: At 3FFB6388 len 00001C78 (7 KiB): DRAM[0m
[0;32mI (555) heap_init: At 3FFB9A20 len 00004108 (16 KiB): DRAM[0m
[0;32mI (562) heap_init: At 3FFC9530 len 00016AD0 (90 KiB): DRAM[0m
[0;32mI (568) heap_init: At 3FFE0440 len 00003AE0 (14 KiB): D/IRAM[0m
[0;32mI (574) heap_init: At 3FFE4350 len 0001BCB0 (111 KiB): D/IRAM[0m
[0;32mI (581) heap_init: At 400992FC len 00006D04 (27 KiB): IRAM[0m
[0;32mI (588) spi_flash: detected chip: generic[0m
[0;32mI (591) spi_flash: flash io: dio[0m
[0;33mW (595) spi_flash: Detected size(4096k) larger than the size in the binary image header(2048k). Using the size in the binary image header.[0m
[0;32mI (612) coexist: coex firmware version: 80b0d89[0m
[0;32mI (614) app_start: Starting scheduler on CPU0[0m
[0;32[0;32mI (619) app_start: Starting scheduler on CPU1[0m
mI (619) main_task: Started on CPU0[0m
[0;32mI (629) main_task: Calling app_main()[0m
[0;32mI (629) gpio: GPIO[18]| InputEn: 0| OutputEn: 0| OpenDrain: 0| Pullup: 1| Pulldown: 0| Intr:0 [0m
[0;32mI (639) gpio: GPIO[5]| InputEn: 0| OutputEn: 0| OpenDrain: 0| Pullup: 1| Pulldown: 0| Intr:0 [0m
[0;32mI (649) Bluetooth: Init led completed[0m
[0;32mI (659) BTDM_INIT: BT controller compile version [946b762][0m
[0;32mI (669) BTDM_INIT: Bluetooth MAC: a0:a3:b3:97:65:92[0m
[0;32mI (669) phy_init: phy_version 4670,719f9f6,Feb 18 2021,17:07:07[0m
[0;32mI (1289) SPP_ACCEPTOR_DEMO: ESP_SPP_INIT_EVT[0m
[0;32mI (1299) SPP_ACCEPTOR_DEMO: ESP_SPP_START_EVT handle:129 sec_id:55 scn:1[0m
[0;32mI (1299) SPP_ACCEPTOR_DEMO: event: 10[0m
[0;32mI (1799) SPP_ACCEPTOR_DEMO: Own address:[a0:a3:b3:97:65:92][0m
[0;32mI (1799) main_task: Returned from app_main()[0m
[0;33mW (11059) BT_HCI: hcif conn complete: hdl 0x80, st 0x0[0m
[0;32mI (11059) SPP_ACCEPTOR_DEMO: event: 16[0m
[0;33mW (11069) BT_HCI: hcif link supv_to changed: hdl 0x80, supv_to 8000[0m
[0;33mW (11279) BT_APPL: new conn_srvc id:26, app_id:255[0m
[0;33mW (11279) BT_APPL: bta_dm_pm_ssr conn_srvc id:26, app_id:255[0m
[0;33mW (11279) BT_APPL: bta_dm_pm_ssr:2, lat:1200[0m
[0;32mI (11289) SPP_ACCEPTOR_DEMO: ESP_SPP_SRV_OPEN_EVT status:0 handle:129, rem_bda:[bc:1d:89:c7:04:e1][0m
[0;32mI (12709) SPP_ACCEPTOR_DEMO: ESP_SPP_DATA_IND_EVT len:3 handle:129[0m
[0;32mI (12709) : 33 0d 0a [0m
Value recieved: 3
[0;32mI (12719) SPP_ACCEPTOR_DEMO: ESP_SPP_WRITE_EVT len:3 handle:129 cong:0[0m
[0;32mI (12719) : 00 00 00 [0m
[0;31mE (12729) BT_BTC: btc_spp_arg_deep_copy 7 osi_malloc failed
[0m

assert failed: fixed_queue_enqueue fixed_queue.c:135 (data != NULL)


Backtrace: 0x40081b3a:0x3ffcb9b0 0x40091b19:0x3ffcb9d0 0x400976c5:0x3ffcb9f0 0x400edf9f:0x3ffcbb10 0x400dac55:0x3ffcbb30 0x400db02c:0x3ffcbbf0 0x400ed80d:0x3ffcbc20 0x400eed5e:0x3ffcbc40 0x40094385:0x3ffcbc70




ELF file SHA256: f06462fee0ce4708

Rebooting...
ets Jul 29 2019 12:21:46

rst:0xc (SW_CPU_RESET),boot:0x13 (SPI_FAST_FLASH_BOOT)
configsip: 0, SPIWP:0xee
clk_drv:0x00,q_drv:0x00,d_drv:0x00,cs0_drv:0x00,hd_drv:0x00,wp_drv:0x00
mode:DIO, clock div:2
load:0x3fff0030,len:7084
ho 0 tail 12 room 4
load:0x40078000,len:15584
load:0x40080400,len:4
load:0x40080404,len:3876
entry 0x4008064c
[0;32mI (31) boot: ESP-IDF v5.1.1-dirty 2nd stage bootloader[0m
[0;32mI (31) boot: compile time Mar 20 2024 14:57:02[0m
[0;32mI (31) boot: Multicore bootloader[0m
[0;32mI (36) boot: chip revision: v3.1[0m
[0;32mI (40) boot.esp32: SPI Speed      : 40MHz[0m
[0;32mI (44) boot.esp32: SPI Mode       : DIO[0m
[0;32mI (49) boot.esp32: SPI Flash Size : 2MB[0m
[0;32mI (53) boot: Enabling RNG early entropy source...[0m
[0;32mI (59) boot: Partition Table:[0m
[0;32mI (62) boot: ## Label            Usage          Type ST Offset   Length[0m
[0;32mI (70) boot:  0 nvs              WiFi data        01 02 00009000 00006000[0m
[0;32mI (77) boot:  1 phy_init         RF data          01 01 0000f000 00001000[0m
[0;32mI (85) boot:  2 factory          factory app      00 00 00010000 00100000[0m
[0;32mI (92) boot: End of partition table[0m
[0;32mI (96) esp_image: segment 0: paddr=00010020 vaddr=3f400020 size=2d88ch (186508) map[0m
[0;32mI (172) esp_image: segment 1: paddr=0003d8b4 vaddr=3ffbdb60 size=02764h ( 10084) load[0m
[0;32mI (176) esp_image: segment 2: paddr=00040020 vaddr=400d0020 size=94c94h (609428) map[0m
[0;32mI (398) esp_image: segment 3: paddr=000d4cbc vaddr=3ffc02c4 size=01e7ch (  7804) load[0m
[0;32mI (401) esp_image: segment 4: paddr=000d6b40 vaddr=40080000 size=192fch (103164) load[0m
[0;32mI (459) boot: Loaded app from partition at offset 0x10000[0m
[0;32mI (459) boot: Disabling RNG early entropy source...[0m
[0;32mI (471) cpu_start: Multicore app[0m
[0;32mI (471) cpu_start: Pro cpu up.[0m
[0;32mI (471) cpu_start: Starting app cpu, entry point is 0x40081490[0m
[0;32mI (458) cpu_start: App cpu up.[0m
[0;32mI (489) cpu_start: Pro cpu start user code[0m
[0;32mI (489) cpu_start: cpu freq: 160000000 Hz[0m
[0;32mI (489) cpu_start: Application information:[0m
[0;32mI (494) cpu_start: Project name:     bt_spp_acceptor_demo[0m
[0;32mI (500) cpu_start: App version:      1[0m
[0;32mI (504) cpu_start: Compile time:     Mar 20 2024 14:56:39[0m
[0;32mI (510) cpu_start: ELF file SHA256:  f06462fee0ce4708...[0m
[0;32mI (516) cpu_start: ESP-IDF:          v5.1.1-dirty[0m
[0;32mI (522) cpu_start: Min chip rev:     v0.0[0m
[0;32mI (526) cpu_start: Max chip rev:     v3.99 [0m
[0;32mI (531) cpu_start: Chip rev:         v3.1[0m
[0;32mI (536) heap_init: Initializing. RAM available for dynamic allocation:[0m
[0;32mI (543) heap_init: At 3FFAFF10 len 000000F0 (0 KiB): DRAM[0m
[0;32mI (549) heap_init: At 3FFB6388 len 00001C78 (7 KiB): DRAM[0m
[0;32mI (555) heap_init: At 3FFB9A20 len 00004108 (16 KiB): DRAM[0m
[0;32mI (562) heap_init: At 3FFC9530 len 00016AD0 (90 KiB): DRAM[0m
[0;32mI (568) heap_init: At 3FFE0440 len 00003AE0 (14 KiB): D/IRAM[0m
[0;32mI (574) heap_init: At 3FFE4350 len 0001BCB0 (111 KiB): D/IRAM[0m
[0;32mI (581) heap_init: At 400992FC len 00006D04 (27 KiB): IRAM[0m
[0;32mI (588) spi_flash: detected chip: generic[0m
[0;32mI (591) spi_flash: flash io: dio[0m
[0;33mW (595) spi_flash: Detected size(4096k) larger than the size in the binary image header(2048k). Using the size in the binary image header.[0m
[0;32mI (612) coexist: coex firmware version: 80b0d89[0m
[0;32mI (614) app_start: Starting scheduler on CPU0[0m
[0;32[0;32mI (619) app_start: Starting scheduler on CPU1[0m
mI (619) main_task: Started on CPU0[0m
[0;32mI (629) main_task: Calling app_main()[0m
[0;32mI (629) gpio: GPIO[18]| InputEn: 0| OutputEn: 0| OpenDrain: 0| Pullup: 1| Pulldown: 0| Intr:0 [0m
[0;32mI (639) gpio: GPIO[5]| InputEn: 0| OutputEn: 0| OpenDrain: 0| Pullup: 1| Pulldown: 0| Intr:0 [0m
[0;32mI (649) Bluetooth: Init led completed[0m
[0;32mI (659) BTDM_INIT: BT controller compile version [946b762][0m
[0;32mI (669) BTDM_INIT: Bluetooth MAC: a0:a3:b3:97:65:92[0m
[0;32mI (669) phy_init: phy_version 4670,719f9f6,Feb 18 2021,17:07:07[0m
[0;32mI (1309) SPP_ACCEPTOR_DEMO: ESP_SPP_INIT_EVT[0m
[0;32mI (1309) SPP_ACCEPTOR_DEMO: ESP_SPP_START_EVT handle:129 sec_id:55 scn:1[0m
[0;32mI (1309) SPP_ACCEPTOR_DEMO: event: 10[0m
[0;32mI (1819) SPP_ACCEPTOR_DEMO: Own address:[a0:a3:b3:97:65:92][0m
[0;32mI (1819) main_task: Returned from app_main()[0m
[0;33mW (8479) BT_HCI: hcif conn complete: hdl 0x80, st 0x0[0m
[0;32mI (8489) SPP_ACCEPTOR_DEMO: event: 16[0m
[0;33mW (8489) BT_HCI: hcif link supv_to changed: hdl 0x80, supv_to 8000[0m
[0;33mW (8689) BT_APPL: new conn_srvc id:26, app_id:255[0m
[0;33mW (8689) BT_APPL: bta_dm_pm_ssr conn_srvc id:26, app_id:255[0m
[0;33mW (8689) BT_APPL: bta_dm_pm_ssr:2, lat:1200[0m
[0;32mI (8699) SPP_ACCEPTOR_DEMO: ESP_SPP_SRV_OPEN_EVT status:0 handle:129, rem_bda:[bc:1d:89:c7:04:e1][0m
[0;32mI (10149) SPP_ACCEPTOR_DEMO: ESP_SPP_DATA_IND_EVT len:3 handle:129[0m
[0;32mI (10149) : 32 0d 0a [0m
Value recieved: 2
[0;32mI (10159) SPP_ACCEPTOR_DEMO: ESP_SPP_WRITE_EVT len:3 handle:129 cong:0[0m
[0;32mI (10159) : 00 00 00 [0m
[0;31mE (10169) BT_BTC: btc_spp_arg_deep_copy 7 osi_malloc failed
[0m

assert failed: fixed_queue_enqueue fixed_queue.c:135 (data != NULL)


Backtrace: 0x40081b3a:0x3ffcb9b0 0x40091b19:0x3ffcb9d0 0x400976c5:0x3ffcb9f0 0x400edf9f:0x3ffcbb10 0x400dac55:0x3ffcbb30 0x400db02c:0x3ffcbbf0 0x400ed80d:0x3ffcbc20 0x400eed5e:0x3ffcbc40 0x40094385:0x3ffcbc70




ELF file SHA256: f06462fee0ce4708

Rebooting...
ets Jul 29 2019 12:21:46

rst:0xc (SW_CPU_RESET),boot:0x13 (SPI_FAST_FLASH_BOOT)
configsip: 0, SPIWP:0xee
clk_drv:0x00,q_drv:0x00,d_drv:0x00,cs0_drv:0x00,hd_drv:0x00,wp_drv:0x00
mode:DIO, clock div:2
load:0x3fff0030,len:7084
ho 0 tail 12 room 4
load:0x40078000,len:15584
load:0x40080400,len:4
load:0x40080404,len:3876
entry 0x4008064c
[0;32mI (31) boot: ESP-IDF v5.1.1-dirty 2nd stage bootloader[0m
[0;32mI (31) boot: compile time Mar 20 2024 14:57:02[0m
[0;32mI (31) boot: Multicore bootloader[0m
[0;32mI (36) boot: chip revision: v3.1[0m
[0;32mI (40) boot.esp32: SPI Speed      : 40MHz[0m
[0;32mI (44) boot.esp32: SPI Mode       : DIO[0m
[0;32mI (49) boot.esp32: SPI Flash Size : 2MB[0m
[0;32mI (53) boot: Enabling RNG early entropy source...[0m
[0;32mI (59) boot: Partition Table:[0m
[0;32mI (62) boot: ## Label            Usage          Type ST Offset   Length[0m
[0;32mI (70) boot:  0 nvs              WiFi data        01 02 00009000 00006000[0m
[0;32mI (77) boot:  1 phy_init         RF data          01 01 0000f000 00001000[0m
[0;32mI (85) boot:  2 factory          factory app      00 00 00010000 00100000[0m
[0;32mI (92) boot: End of partition table[0m
[0;32mI (96) esp_image: segment 0: paddr=00010020 vaddr=3f400020 size=2d88ch (186508) map[0m
[0;32mI (172) esp_image: segment 1: paddr=0003d8b4 vaddr=3ffbdb60 size=02764h ( 10084) load[0m
[0;32mI (176) esp_image: segment 2: paddr=00040020 vaddr=400d0020 size=94c94h (609428) map[0m
[0;32mI (398) esp_image: segment 3: paddr=000d4cbc vaddr=3ffc02c4 size=01e7ch (  7804) load[0m
[0;32mI (401) esp_image: segment 4: paddr=000d6b40 vaddr=40080000 size=192fch (103164) load[0m
[0;32mI (459) boot: Loaded app from partition at offset 0x10000[0m
[0;32mI (459) boot: Disabling RNG early entropy source...[0m
[0;32mI (471) cpu_start: Multicore app[0m
[0;32mI (471) cpu_start: Pro cpu up.[0m
[0;32mI (471) cpu_start: Starting app cpu, entry point is 0x40081490[0m
[0;32mI (458) cpu_start: App cpu up.[0m
[0;32mI (489) cpu_start: Pro cpu start user code[0m
[0;32mI (489) cpu_start: cpu freq: 160000000 Hz[0m
[0;32mI (489) cpu_start: Application information:[0m
[0;32mI (494) cpu_start: Project name:     bt_spp_acceptor_demo[0m
[0;32mI (500) cpu_start: App version:      1[0m
[0;32mI (504) cpu_start: Compile time:     Mar 20 2024 14:56:39[0m
[0;32mI (510) cpu_start: ELF file SHA256:  f06462fee0ce4708...[0m
[0;32mI (516) cpu_start: ESP-IDF:          v5.1.1-dirty[0m
[0;32mI (522) cpu_start: Min chip rev:     v0.0[0m
[0;32mI (526) cpu_start: Max chip rev:     v3.99 [0m
[0;32mI (531) cpu_start: Chip rev:         v3.1[0m
[0;32mI (536) heap_init: Initializing. RAM available for dynamic allocation:[0m
[0;32mI (543) heap_init: At 3FFAFF10 len 000000F0 (0 KiB): DRAM[0m
[0;32mI (549) heap_init: At 3FFB6388 len 00001C78 (7 KiB): DRAM[0m
[0;32mI (555) heap_init: At 3FFB9A20 len 00004108 (16 KiB): DRAM[0m
[0;32mI (562) heap_init: At 3FFC9530 len 00016AD0 (90 KiB): DRAM[0m
[0;32mI (568) heap_init: At 3FFE0440 len 00003AE0 (14 KiB): D/IRAM[0m
[0;32mI (574) heap_init: At 3FFE4350 len 0001BCB0 (111 KiB): D/IRAM[0m
[0;32mI (581) heap_init: At 400992FC len 00006D04 (27 KiB): IRAM[0m
[0;32mI (588) spi_flash: detected chip: generic[0m
[0;32mI (591) spi_flash: flash io: dio[0m
[0;33mW (595) spi_flash: Detected size(4096k) larger than the size in the binary image header(2048k). Using the size in the binary image header.[0m
[0;32mI (612) coexist: coex firmware version: 80b0d89[0m
[0;32mI (614) app_start: Starting scheduler on CPU0[0m
[0;32[0;32mI (619) app_start: Starting scheduler on CPU1[0m
mI (619) main_task: Started on CPU0[0m
[0;32mI (629) main_task: Calling app_main()[0m
[0;32mI (629) gpio: GPIO[18]| InputEn: 0| OutputEn: 0| OpenDrain: 0| Pullup: 1| Pulldown: 0| Intr:0 [0m
[0;32mI (639) gpio: GPIO[5]| InputEn: 0| OutputEn: 0| OpenDrain: 0| Pullup: 1| Pulldown: 0| Intr:0 [0m
[0;32mI (649) Bluetooth: Init led completed[0m
[0;32mI (659) BTDM_INIT: BT controller compile version [946b762][0m
[0;32mI (669) BTDM_INIT: Bluetooth MAC: a0:a3:b3:97:65:92[0m
[0;32mI (669) phy_init: phy_version 4670,719f9f6,Feb 18 2021,17:07:07[0m
[0;32mI (1319) SPP_ACCEPTOR_DEMO: ESP_SPP_INIT_EVT[0m
[0;32mI (1319) SPP_ACCEPTOR_DEMO: ESP_SPP_START_EVT handle:129 sec_id:55 scn:1[0m
[0;32mI (1319) SPP_ACCEPTOR_DEMO: event: 10[0m
[0;32mI (1829) SPP_ACCEPTOR_DEMO: Own address:[a0:a3:b3:97:65:92][0m
[0;32mI (1829) main_task: Returned from app_main()[0m
